=====================================================================
== DayZServer
== ./Server/DayZServer ./Server/DayZServer -instanceId=1 -config=serverDZ.cfg -profiles=Profiles -port=2302 -mod=@CF;@Community-Online-Tools -cpuCount=8 -noFilePatching -doLogs -adminLog -freezeCheck -netLog 
=====================================================================
Current time:  2024/08/09 12:31:25
Version 1.25.158396
=====================================================================

12:31:25 Localization won't work: STR_SUNDAY - "Global" stringtable not found
12:31:25 Localization won't work: STR_MONDAY - "Global" stringtable not found
12:31:25 Localization won't work: STR_TUESDAY - "Global" stringtable not found
12:31:25 Localization won't work: STR_WEDNESDAY - "Global" stringtable not found
12:31:25 Localization won't work: STR_THURSDAY - "Global" stringtable not found
12:31:25 Localization won't work: STR_FRIDAY - "Global" stringtable not found
12:31:25 Localization won't work: STR_SATURDAY - "Global" stringtable not found
12:31:25 Localization won't work: STR_JANUARY - "Global" stringtable not found
12:31:25 Localization won't work: STR_FEBRUARY - "Global" stringtable not found
12:31:25 Localization won't work: STR_MARCH - "Global" stringtable not found
12:31:25 Localization won't work: STR_APRIL - "Global" stringtable not found
12:31:25 Localization won't work: STR_MAY - "Global" stringtable not found
12:31:25 Localization won't work: STR_JUNE - "Global" stringtable not found
12:31:25 Localization won't work: STR_JULY - "Global" stringtable not found
12:31:25 Localization won't work: STR_AUGUST - "Global" stringtable not found
12:31:25 Localization won't work: STR_SEPTEMBER - "Global" stringtable not found
12:31:25 Localization won't work: STR_OCTOBER - "Global" stringtable not found
12:31:25 Localization won't work: STR_NOVEMBER - "Global" stringtable not found
12:31:25 Localization won't work: STR_DECEMBER - "Global" stringtable not found
12:31:25 Localization won't work: STR_DATE_FORMAT - "Global" stringtable not found
12:31:25 Localization won't work: STR_DATE_FORMAT_SHORT - "Global" stringtable not found
12:31:25 Localization won't work: STR_TIME_FORMAT - "Global" stringtable not found
12:31:25 Localization won't work: STR_MAP_INTERVAL - "Global" stringtable not found
12:31:25 Localization won't work: STR_MAP_LEGEND_INFO - "Global" stringtable not found
12:31:25 Localization won't work: STR_MAP_SCALE_FORMAT - "Global" stringtable not found
12:31:25 Localization won't work: STR_RESOLUTION_FORMAT - "Global" stringtable not found
12:31:25 Localization won't work: STR_SESSION_NAME_FORMAT - "Global" stringtable not found
12:31:25 Localization won't work: STR_CONFIG_YNORMAL - "Global" stringtable not found
12:31:25 Localization won't work: STR_CONFIG_YREVERSED - "Global" stringtable not found
12:31:25 Localization won't work: STR_CONFIG_CONTROLLER_NORMAL_LOOK - "Global" stringtable not found
12:31:25 Localization won't work: STR_CONFIG_CONTROLLER_REVERSED_LOOK - "Global" stringtable not found
12:31:25 Localization won't work: STR_ENABLED - "Global" stringtable not found
12:31:25 Localization won't work: STR_DISABLED - "Global" stringtable not found
12:31:25 Localization won't work: STR_SESSION_NAME_INIT - "Global" stringtable not found
12:31:25 Localization won't work: STR_TIME_ACC_FORMAT - "Global" stringtable not found
12:31:25 Localization won't work: STR_MP_VALIDERROR - "Global" stringtable not found
12:31:25 Localization won't work: STR_MP_VALIDERROR_1 - "Global" stringtable not found
12:31:25 Localization won't work: STR_MP_VALIDERROR_2 - "Global" stringtable not found
12:31:25 Localization won't work: STR_MP_LOGGED - "Global" stringtable not found
12:31:25 Localization won't work: STR_MP_LOGGED_OUT - "Global" stringtable not found
12:31:25 Localization won't work: STR_MP_CONNECTION_LOOSING - "Global" stringtable not found
12:31:25 Localization won't work: STR_MSG_MP_PASSWORD - "Global" stringtable not found
12:31:25 Localization won't work: STR_MSG_MP_NO_PASSWORD - "Global" stringtable not found
12:31:25 Localization won't work: STR_MSG_MP_VERSION - "Global" stringtable not found
12:31:25 Localization won't work: STR_MSG_MP_CONNECT_ERROR - "Global" stringtable not found
12:31:25 Localization won't work: STR_MSG_ADDON_MISSING - "Global" stringtable not found
12:31:25 Localization won't work: STR_MSG_ADDON_VERSION - "Global" stringtable not found
12:31:25 Localization won't work: STR_MSG_LAUNCH_GAME - "Global" stringtable not found
12:31:25 Localization won't work: STR_MSG_NO_WORLD - "Global" stringtable not found
12:31:25 Localization won't work: STR_MSG_MP_SESSION_FULL - "Global" stringtable not found
12:31:25 Localization won't work: STR_LOAD_INIT - "Global" stringtable not found
12:31:25 Localization won't work: STR_LOAD_WORLD - "Global" stringtable not found
12:31:25 Localization won't work: STR_LOAD_MISSION - "Global" stringtable not found
12:31:25 Localization won't work: STR_LOAD_INTRO - "Global" stringtable not found
12:31:25 Localization won't work: STR_LOAD_GAME - "Global" stringtable not found
12:31:25 Localization won't work: STR_SAVE_GAME - "Global" stringtable not found
12:31:25 Localization won't work: STR_NETWORK_SEND - "Global" stringtable not found
12:31:25 Localization won't work: STR_NETWORK_RECEIVE - "Global" stringtable not found
12:31:25 Localization won't work: STR_CREATE_SERVER - "Global" stringtable not found
12:31:25 Localization won't work: STR_CREATE_CLIENT - "Global" stringtable not found
12:31:25 Localization won't work: STR_SHUTDOWN - "Global" stringtable not found
12:31:25 Localization won't work: STR_DN_TREE - "Global" stringtable not found
12:31:25 Localization won't work: STR_DN_BUSH - "Global" stringtable not found
12:31:25 Localization won't work: STR_DN_BUILDING - "Global" stringtable not found
12:31:25 Localization won't work: STR_DN_HOUSE - "Global" stringtable not found
12:31:25 Localization won't work: STR_DN_CHURCH - "Global" stringtable not found
12:31:25 Localization won't work: STR_DN_CHAPEL - "Global" stringtable not found
12:31:25 Localization won't work: STR_DN_CROSS - "Global" stringtable not found
12:31:25 Localization won't work: STR_DN_ROCK - "Global" stringtable not found
12:31:25 Localization won't work: STR_DN_FOREST - "Global" stringtable not found
12:31:25 Localization won't work: STR_DN_BUS_STOP - "Global" stringtable not found
12:31:25 Localization won't work: STR_FADE_AWAY - "Global" stringtable not found
12:31:25 Localization won't work: STR_MP_CONNECT - "Global" stringtable not found
12:31:25 Localization won't work: STR_MP_DISCONNECT - "Global" stringtable not found
12:31:25 Localization won't work: STR_MP_CONNECTING - "Global" stringtable not found
12:31:25 Localization won't work: STR_MP_KICKED - "Global" stringtable not found
12:31:25 Localization won't work: STR_MP_BANNED - "Global" stringtable not found
12:31:25 Localization won't work: STR_MP_TIMEOUT - "Global" stringtable not found
12:31:25 Localization won't work: STR_server_shutdown - "Global" stringtable not found
12:31:25 Localization won't work: STR_DISP_CLIENT_TEXT - "Global" stringtable not found
12:31:25 Localization won't work: STR_DISP_CLIENT_TEXT_EDIT - "Global" stringtable not found
12:31:25 Localization won't work: STR_SERVER_MONITOR - "Global" stringtable not found
12:31:25 Localization won't work: STR_MP_SERVER - "Global" stringtable not found
12:31:25 Localization won't work: STR_MP_MASTER - "Global" stringtable not found
12:31:25 Localization won't work: STR_MP_SESSION_LOST - "Global" stringtable not found
12:31:25 Localization won't work: STR_DISP_OPT_UNITS_METRIC - "Global" stringtable not found
12:31:25 Localization won't work: STR_DISP_OPT_UNITS_MIXED - "Global" stringtable not found
12:31:25 Localization won't work: STR_DISP_OPT_UNITS_IMPERIAL - "Global" stringtable not found
12:31:25 Localization won't work: STR_MP_KICKED_CLIENT - "Global" stringtable not found
12:31:25 Localization won't work: STR_MP_LOGIN_QUEUE_FULL - "Global" stringtable not found
12:31:25 Localization won't work: STR_MP_BANNED_CLIENT - "Global" stringtable not found
12:31:25 Localization won't work: STR_MP_TIMEOUT_CLIENT - "Global" stringtable not found
12:31:25 Localization won't work: STR_MP_BAD_CDKEY - "Global" stringtable not found
12:31:25 Localization won't work: STR_MP_SESSION_LOCKED - "Global" stringtable not found
12:31:25 Localization won't work: STR_MP_STEAM_AUTH_FAILED - "Global" stringtable not found
12:31:25 Localization won't work: STR_xbox_authentification_fail - "Global" stringtable not found
12:31:25 Localization won't work: STR_ps4_authentification_fail - "Global" stringtable not found
12:31:25 Localization won't work: STR_authentification_fail - "Global" stringtable not found
12:31:25 Localization won't work: STR_MP_MAX_PING - "Global" stringtable not found
12:31:25 Localization won't work: STR_HOST_SESSION - "Global" stringtable not found
12:31:25 Localization won't work: STR_DS_SERVER_CREATED - "Global" stringtable not found
